[moya.bitballoon.com/index-circular.html]
[backblue.gif]
[fade.gif]
[index.html]
[moya.bitballoon.com/images/favicon.ico]
[moya.bitballoon.com/css/bootstrap.css]
[moya.bitballoon.com/css/font-awesome.min.css]
[moya.bitballoon.com/css/flaticon.css]
[moya.bitballoon.com/css/style.css]
[moya.bitballoon.com/images/me.jpg]
[moya.bitballoon.com/images/profile.png]
[moya.bitballoon.com/cv/cv-1.8.delayed]
[moya.bitballoon.com/images/portfolio/work-1.jpg]
[moya.bitballoon.com/images/portfolio/work-2.jpg]
[moya.bitballoon.com/images/portfolio/work-3.jpg]
[moya.bitballoon.com/images/portfolio/work-4.jpg]
[moya.bitballoon.com/images/portfolio/work-5.jpg]
[moya.bitballoon.com/images/portfolio/work-6.jpg]
[moya.bitballoon.com/images/testimonials/author-thumb-1.jpg]
[moya.bitballoon.com/images/testimonials/author-thumb-2.jpg]
[moya.bitballoon.com/images/testimonials/author-thumb-3.jpg]
[cdnjs.cloudflare.com/ajax/libs/waypoints/2.0.3/waypoints.min.js]
[moya.bitballoon.com/js/jquery.counterup.min.js]
[moya.bitballoon.com/js/bootstrap.js]
[moya.bitballoon.com/js/jquery.min.js]
[moya.bitballoon.com/js/jquery.easing.min.js]
[moya.bitballoon.com/js/slick.js]
[moya.bitballoon.com/js/typed.js]
[moya.bitballoon.com/js/script.js]
[moya.bitballoon.com/index-circular.html]
[moya.bitballoon.com/fonts/glyphicons-halflings-regular.eot]
[moya.bitballoon.com/fonts/glyphicons-halflings-regulard41d.eot]
[moya.bitballoon.com/fonts/glyphicons-halflings-regular.woff2]
[moya.bitballoon.com/fonts/glyphicons-halflings-regular.woff]
[moya.bitballoon.com/fonts/glyphicons-halflings-regular.ttf]
[moya.bitballoon.com/fonts/glyphicons-halflings-regular.svg]
[moya.bitballoon.com/css/bootstrap.css]
[moya.bitballoon.com/fonts/fontawesome-webfont5b62.woff2]
[moya.bitballoon.com/fonts/fontawesome-webfont5b62.eot]
[moya.bitballoon.com/fonts/fontawesome-webfontd41d.eot]
[moya.bitballoon.com/css/font-awesome.min.css]
[moya.bitballoon.com/fonts/fontawesome-webfont5b62.woff]
[moya.bitballoon.com/fonts/flaticon.eot]
[moya.bitballoon.com/fonts/fontawesome-webfont5b62.svg]
[moya.bitballoon.com/fonts/flaticond41dd41d.eot]
[moya.bitballoon.com/fonts/fontawesome-webfont5b62.ttf]
[moya.bitballoon.com/fonts/flaticon.woff]
[moya.bitballoon.com/css/flaticon.css]
[moya.bitballoon.com/fonts/flaticon.ttf]
[moya.bitballoon.com/images/elements/cloudwash.png]
[moya.bitballoon.com/images/world-map.png]
[moya.bitballoon.com/images/4.jpg]
[moya.bitballoon.com/images/header-images/bg/bg-circular.jpg]
[moya.bitballoon.com/fonts/flaticon.svg]
[moya.bitballoon.com/images/header-images/demo-2.png]
[moya.bitballoon.com/images/header-images/bg/dark-bg.jpg]
[moya.bitballoon.com/images/header-images/bg/colored-bg.jpg]
[moya.bitballoon.com/images/header-images/bg/bg.jpg]
[moya.bitballoon.com/images/blog/blog-bg.jpg]
[moya.bitballoon.com/css/style.css]
[moya.bitballoon.com/cv/cv-1.html]
[moya.bitballoon.com/fonts/glyphicons-halflings-regular.html]
[moya.bitballoon.com/fonts/glyphicons-halflings-regulard41d.html]
[moya.bitballoon.com/fonts/glyphicons-halflings-regular-2.html]
[moya.bitballoon.com/fonts/glyphicons-halflings-regular-3.html]
[moya.bitballoon.com/fonts/glyphicons-halflings-regular-4.html]
[moya.bitballoon.com/fonts/glyphicons-halflings-regular-5.html]
[moya.bitballoon.com/fonts/fontawesome-webfont5b62.svg]
[moya.bitballoon.com/fonts/flaticon.svg]
[moya.bitballoon.com/images/elements/cloudwash.html]
[moya.bitballoon.com/images/world-map.html]
